| es2015.js:8:1:16:1 | instance of class Sub | es2015.js:1:11:6:1 | instance of class Sup |
| instances.js:1:1:4:1 | instance of function A | instances.js:1:1:4:1 | instance of function A |
| instances.js:13:1:13:18 | instance of function SubA | instances.js:1:1:4:1 | instance of function A |
| instances.js:13:1:13:18 | instance of function SubA | instances.js:13:1:13:18 | instance of function SubA |
| objlit.js:43:12:45:3 | object literal | file://:0:0:0:0 | null |
| objlit.js:43:12:45:3 | object literal | objlit.js:33:12:40:3 | object literal |
| prototype.js:1:1:4:1 | instance of function App | prototype.js:6:17:10:1 | object literal |
