| (package m1) | src/index.js:1:10:1:22 | require("m1") | false |
| (package m2) | src/tst3.js:1:8:1:8 | A | false |
| (parameter (package m1) 0) | src/node_modules/m1/index.js:1:19:1:19 | x | true |
| (parameter (property (package m2) true foo) 0) | src/node_modules/m2/main.js:1:21:1:21 | p | true |
| (parameter (property (property (package m2) true default) true s) 0) | src/node_modules/m2/main.js:15:12:15:12 | y | true |
| (property (package m2) false m) | src/tst3.js:4:1:4:13 | new A("me").m | false |
| (property (package m2) false s) | src/tst3.js:5:1:5:13 | new A("me").s | false |
| (property (package m2) true default) | src/tst3.js:1:8:1:8 | A | false |
| (property (package m2) true foo) | src/tst2.js:1:10:1:12 | foo | false |
| (property (package m2) true m) | src/tst3.js:2:1:2:3 | A.m | false |
| (property (package m2) true s) | src/tst3.js:3:1:3:3 | A.s | false |
| (property (parameter (property (package m2) true foo) 0) true x) | src/node_modules/m2/main.js:2:15:2:17 | p.x | true |
| (property (property (package m2) true default) false m) | src/tst3.js:4:1:4:13 | new A("me").m | false |
| (property (property (package m2) true default) false name) | src/node_modules/m2/main.js:12:27:12:35 | this.name | true |
| (property (property (package m2) true default) false s) | src/tst3.js:5:1:5:13 | new A("me").s | false |
| (property (property (package m2) true default) true m) | src/tst3.js:2:1:2:3 | A.m | false |
| (property (property (package m2) true default) true s) | src/tst3.js:3:1:3:3 | A.s | false |
| (property (property (parameter (property (package m2) true foo) 0) true x) true y) | src/node_modules/m2/main.js:2:15:2:19 | p.x.y | true |
| (property (return (package m2)) true m) | src/tst3.js:4:1:4:13 | new A("me").m | false |
| (property (return (package m2)) true s) | src/tst3.js:5:1:5:13 | new A("me").s | false |
| (property (return (property (package m2) true default)) true m) | src/tst3.js:4:1:4:13 | new A("me").m | false |
| (property (return (property (package m2) true default)) true s) | src/tst3.js:5:1:5:13 | new A("me").s | false |
| (return (package m1)) | src/index.js:3:43:3:61 | m1("Hello, world!") | false |
| (return (package m2)) | src/tst3.js:4:1:4:11 | new A("me") | false |
| (return (package m2)) | src/tst3.js:5:1:5:11 | new A("me") | false |
| (return (property (package m2) false m)) | src/tst3.js:4:1:4:19 | new A("me").m("hi") | false |
| (return (property (package m2) false s)) | src/tst3.js:5:1:5:22 | new A(" ... there") | false |
| (return (property (package m2) true default)) | src/tst3.js:4:1:4:11 | new A("me") | false |
| (return (property (package m2) true default)) | src/tst3.js:5:1:5:11 | new A("me") | false |
| (return (property (package m2) true foo)) | src/tst2.js:5:1:5:13 | foo({ x: o }) | false |
| (return (property (package m2) true m)) | src/tst3.js:2:1:2:9 | A.m("hi") | false |
| (return (property (package m2) true s)) | src/tst3.js:3:1:3:12 | A.s("there") | false |
| (return (property (property (package m2) true default) false m)) | src/tst3.js:4:1:4:19 | new A("me").m("hi") | false |
| (return (property (property (package m2) true default) false s)) | src/tst3.js:5:1:5:22 | new A(" ... there") | false |
| (return (property (property (package m2) true default) true m)) | src/tst3.js:2:1:2:9 | A.m("hi") | false |
| (return (property (property (package m2) true default) true s)) | src/tst3.js:3:1:3:12 | A.s("there") | false |
| (return (property (return (package m2)) true m)) | src/tst3.js:4:1:4:19 | new A("me").m("hi") | false |
| (return (property (return (package m2)) true s)) | src/tst3.js:5:1:5:22 | new A(" ... there") | false |
| (return (property (return (property (package m2) true default)) true m)) | src/tst3.js:4:1:4:19 | new A("me").m("hi") | false |
| (return (property (return (property (package m2) true default)) true s)) | src/tst3.js:5:1:5:22 | new A(" ... there") | false |
